p01.pdf  http=200 size=220237    220237B  [PDF document, versio]  https://www.irs.gov/pub/irs-pdf/f1040.pdf
p02.pdf  http=200 size=1713916   1713916B  [PDF document, versio]  https://www.irs.gov/pub/irs-pdf/p15.pdf
p03.pdf  http=200 size=140815    140815B  [PDF document, versio]  https://www.irs.gov/pub/irs-pdf/fw9.pdf
p04.pdf  http=200 size=324302    324302B  [PDF document, versio]  https://www.irs.gov/pub/irs-pdf/p1.pdf
p05.pdf  http=403 size=401       401B  [HTML document text, ]  https://www.ssa.gov/pubs/EN-05-10024.pdf
p06.pdf  http=403 size=401       401B  [HTML document text, ]  https://www.ssa.gov/pubs/EN-05-10003.pdf
p07.pdf  http=403 size=469       469B  [HTML document text, ]  https://www.cdc.gov/vaccines/schedules/downloads/child/0-18yrs-child-combined-schedule.pdf
p08.pdf  http=200 size=2690984   2690984B  [PDF document, versio]  https://www.govinfo.gov/content/pkg/PLAW-117publ58/pdf/PLAW-117publ58.pdf
p09.pdf  http=200 size=44172     44172B  [HTML document text, ]  https://www.govinfo.gov/content/pkg/BILLS-118hr1enr/pdf/BILLS-118hr1enr.pdf
p10.pdf  http=200 size=858557    858557B  [PDF document, versio]  https://www.govinfo.gov/content/pkg/CFR-2023-title1-vol1/pdf/CFR-2023-title1-vol1.pdf
p11.pdf  http=200 size=272616    272616B  [PDF document, versio]  https://www.govinfo.gov/content/pkg/USCODE-2022-title42/pdf/USCODE-2022-title42-chap126.pdf
p12.pdf  http=200 size=3873399   3873399B  [PDF document, versio]  https://www.ada.gov/assets/pdfs/web-rule.pdf
p13.pdf  http=403 size=440       440B  [HTML document text, ]  https://www.dol.gov/sites/dolgov/files/WHD/legacy/files/whdfs22.pdf
p14.pdf  http=403 size=431       431B  [HTML document text, ]  https://www.hhs.gov/sites/default/files/hipaa-privacy-rule.pdf
p15.pdf  http=404 size=88569     88569B  [HTML document text, ]  https://www.va.gov/opa/publications/benefits_book/2023_2024_Veterans_Benefits_Guide.pdf
p16.pdf  http=403 size=263       263B  [XML 1.0 document tex]  https://www.epa.gov/sites/default/files/2016-06/documents/epa_ar_2015.pdf
p17.pdf  http=404 size=0         0B  [empty]  https://www.nasa.gov/wp-content/uploads/2023/01/nasa_strategic_plan_2022.pdf
p18.pdf  http=404 size=56033     56033B  [HTML document text, ]  https://www.justice.gov/olp/page/file/1523106/download
p19.pdf  http=404 size=105839    105839B  [HTML document text, ]  https://www.energy.gov/sites/default/files/2023-01/doe-strategic-plan-2022-2026.pdf
p20.pdf  http=403 size=480       480B  [HTML document text, ]  https://www.transportation.gov/sites/dot.gov/files/2022-04/DOT-Strategic-Plan-2022-2026.pdf
p21.pdf  http=403 size=465       465B  [HTML document text, ]  https://www.usda.gov/sites/default/files/documents/usda-2022-2026-strategic-plan.pdf
p22.pdf  http=404 size=25773     25773B  [HTML document text, ]  https://www.census.gov/content/dam/Census/library/publications/2020/acs/acsbr20-01.pdf
p23.pdf  http=404 size=16471     16471B  [HTML document text, ]  https://www.nlm.nih.gov/pubs/factsheets/medlineplus.pdf
p24.pdf  http=404 size=71494     71494B  [HTML document text, ]  https://www.nist.gov/system/files/documents/2020/01/16/NIST.SP_.800-53r5.pdf
